
== primary {'risk_max': 0.05, 'c_s': 10.0, 'c_e_mult': 1.0}
  U        cost   5510.0 risk 0.000 commit 0.00 esc 1.00 rfi 0.00 {'0': "(1.01, ('E',))", '1': "(1.01, ('E',))"}
  U_dyn    cost   5510.0 risk 0.000 commit 0.00 esc 1.00 rfi 0.00 {'0': "(1.01, -1.0, 0, False, 'S')", '1': "(1.01, -1.0, 0, False, 'S')"}
  T        cost   3936.9 risk 0.061 commit 0.33 esc 0.67 rfi 0.15 {'0': '(0.8, 1, 0.2, 1.0)', '1': '(1.01, 0, 0.2, 1.01)'}
  ORACLE_T cost   1668.6 risk 0.000 commit 0.75 esc 0.25 rfi 0.25 {'0': '()', '1': '()'}
  U-T                    +1573.1 [+1139.7, +2022.0] 28.5%
  U_dyn-T                +1573.1 [+1139.7, +2022.0] 28.5%
  U-U_dyn                   +0.0 [+0.0, +0.0] 0.0%
  U-T@IND_del              -15.3 [-46.3, -0.3] 
  U_dyn-T@IND_del          -15.3 [-46.3, -0.3] 
  U_dyn-T@INS_reg        +2037.3 [+1400.8, +2682.3] 
  U_dyn-T@INS_design     +1842.4 [+1336.5, +2382.9] 
  U_dyn-T@D              +2427.8 [+1793.5, +3107.5] 
  [control_silence] U_dyn-T +0.0 [+0.0, +0.0] 0.0%
  [external_real] U_dyn-T +0.0 [+0.0, +0.0] 0.0%

== norisk {'risk_max': 1.0, 'c_s': 10.0, 'c_e_mult': 1.0}
  U        cost   2359.2 risk 0.104 commit 0.75 esc 0.25 rfi 0.48 {'0': "(0.6, ('S', 'S', 'S', 'R', 'E'))", '1': "(0.6, ('S', 'S', 'S', 'R', 'E'))"}
  U_dyn    cost   2359.2 risk 0.104 commit 0.75 esc 0.25 rfi 0.48 {'0': "(0.6, -1.0, 3, True, 'S')", '1': "(0.6, -1.0, 3, True, 'S')"}
  T        cost   2297.1 risk 0.069 commit 0.69 esc 0.31 rfi 0.28 {'0': '(0.6, 3, 0.2, 1.0)', '1': '(0.6, 1, 0.2, 1.0)'}
  ORACLE_T cost   1668.6 risk 0.000 commit 0.75 esc 0.25 rfi 0.25 {'0': '()', '1': '()'}
  U-T                      +62.1 [-92.8, +197.9] 2.6%
  U_dyn-T                  +62.1 [-92.8, +197.9] 2.6%
  U-U_dyn                   +0.0 [+0.0, +0.0] 0.0%
  U-T@IND_del             +856.5 [+748.7, +958.1] 
  U_dyn-T@IND_del         +856.5 [+748.7, +958.1] 
  U_dyn-T@INS_reg         -460.0 [-873.3, -132.2] 
  U_dyn-T@INS_design       -30.7 [-339.2, +273.6] 
  U_dyn-T@D               -117.4 [-354.9, +48.5] 
  [control_silence] U_dyn-T +32.2 [-130.2, +177.2] 1.4%
  [external_real] U_dyn-T -53.8 [-206.7, +100.4] -2.6%

== ce3 {'risk_max': 0.05, 'c_s': 10.0, 'c_e_mult': 3.0}
  U        cost   5510.0 risk 0.000 commit 0.00 esc 1.00 rfi 0.00 {'0': "(1.01, ('E',))", '1': "(1.01, ('E',))"}
  U_dyn    cost   5510.0 risk 0.000 commit 0.00 esc 1.00 rfi 0.00 {'0': "(1.01, -1.0, 0, False, 'S')", '1': "(1.01, -1.0, 0, False, 'S')"}
  T        cost   4160.3 risk 0.061 commit 0.33 esc 0.67 rfi 0.15 {'0': '(0.8, 1, 0.2, 1.0)', '1': '(1.01, 0, 0.2, 1.01)'}
  ORACLE_T cost   1668.6 risk 0.000 commit 0.75 esc 0.25 rfi 0.25 {'0': '()', '1': '()'}
  U-T                    +1349.7 [+885.2, +1835.4] 24.5%
  U_dyn-T                +1349.7 [+885.2, +1835.4] 24.5%
  U-U_dyn                   +0.0 [+0.0, +0.0] 0.0%
  U-T@IND_del             -462.0 [-1005.5, -14.9] 
  U_dyn-T@IND_del         -462.0 [-1005.5, -14.9] 
  U_dyn-T@INS_reg        +1590.5 [+674.1, +2441.9] 
  U_dyn-T@INS_design     +1842.4 [+1336.5, +2382.9] 
  U_dyn-T@D              +2427.8 [+1793.5, +3107.5] 
  [control_silence] U_dyn-T +0.0 [+0.0, +0.0] 0.0%
  [external_real] U_dyn-T +0.0 [+0.0, +0.0] 0.0%

== norisk_ce3 {'risk_max': 1.0, 'c_s': 10.0, 'c_e_mult': 3.0}
  U        cost   3265.3 risk 0.099 commit 0.72 esc 0.28 rfi 0.49 {'0': "(0.6, ('S', 'S', 'R', 'E'))", '1': "(0.8, ('S', 'S', 'S', 'R', 'E'))"}
  U_dyn    cost   3265.3 risk 0.099 commit 0.72 esc 0.28 rfi 0.49 {'0': "(0.6, -1.0, 2, True, 'S')", '1': "(0.8, -1.0, 3, True, 'S')"}
  T        cost   2874.0 risk 0.070 commit 0.68 esc 0.32 rfi 0.28 {'0': '(0.8, 1, 0.2, 1.0)', '1': '(0.6, 1, 0.2, 1.0)'}
  ORACLE_T cost   1668.6 risk 0.000 commit 0.75 esc 0.25 rfi 0.25 {'0': '()', '1': '()'}
  U-T                     +391.4 [+91.4, +681.8] 12.0%
  U_dyn-T                 +391.4 [+91.4, +681.8] 12.0%
  U-U_dyn                   +0.0 [+0.0, +0.0] 0.0%
  U-T@IND_del            +1775.8 [+1104.8, +2497.1] 
  U_dyn-T@IND_del        +1775.8 [+1104.8, +2497.1] 
  U_dyn-T@INS_reg         -504.2 [-978.8, -43.6] 
  U_dyn-T@INS_design      +411.2 [-25.7, +932.4] 
  U_dyn-T@D               -117.4 [-722.5, +383.2] 
  [control_silence] U_dyn-T +390.6 [+117.6, +660.9] 11.1%
  [external_real] U_dyn-T +253.1 [-62.0, +562.9] 7.5%

== cs1 {'risk_max': 0.05, 'c_s': 1.0, 'c_e_mult': 1.0}
  U        cost   5510.0 risk 0.000 commit 0.00 esc 1.00 rfi 0.00 {'0': "(1.01, ('E',))", '1': "(1.01, ('E',))"}
  U_dyn    cost   5510.0 risk 0.000 commit 0.00 esc 1.00 rfi 0.00 {'0': "(1.01, -1.0, 0, False, 'S')", '1': "(1.01, -1.0, 0, False, 'S')"}
  T        cost   3935.8 risk 0.061 commit 0.33 esc 0.67 rfi 0.15 {'0': '(0.8, 1, 0.2, 1.0)', '1': '(1.01, 0, 0.2, 1.01)'}
  ORACLE_T cost   1666.4 risk 0.000 commit 0.75 esc 0.25 rfi 0.25 {'0': '()', '1': '()'}
  U-T                    +1574.2 [+1140.3, +2023.2] 28.6%
  U_dyn-T                +1574.2 [+1140.3, +2023.2] 28.6%
  U-U_dyn                   +0.0 [+0.0, +0.0] 0.0%
  U-T@IND_del              -14.7 [-45.7, -0.0] 
  U_dyn-T@IND_del          -14.7 [-45.7, -0.0] 
  U_dyn-T@INS_reg        +2040.7 [+1402.9, +2687.1] 
  U_dyn-T@INS_design     +1842.7 [+1336.8, +2383.0] 
  U_dyn-T@D              +2428.0 [+1793.5, +3107.6] 
  [control_silence] U_dyn-T +0.0 [+0.0, +0.0] 0.0%
  [external_real] U_dyn-T +0.0 [+0.0, +0.0] 0.0%

== cs100 {'risk_max': 0.05, 'c_s': 100.0, 'c_e_mult': 1.0}
  U        cost   5510.0 risk 0.000 commit 0.00 esc 1.00 rfi 0.00 {'0': "(1.01, ('E',))", '1': "(1.01, ('E',))"}
  U_dyn    cost   5510.0 risk 0.000 commit 0.00 esc 1.00 rfi 0.00 {'0': "(1.01, -1.0, 0, False, 'S')", '1': "(1.01, -1.0, 0, False, 'S')"}
  T        cost   3947.9 risk 0.061 commit 0.33 esc 0.67 rfi 0.15 {'0': '(0.8, 1, 0.2, 1.0)', '1': '(1.01, 0, 0.2, 1.01)'}
  ORACLE_T cost   1691.5 risk 0.000 commit 0.75 esc 0.25 rfi 0.25 {'0': '()', '1': '()'}
  U-T                    +1562.1 [+1132.8, +2010.2] 28.4%
  U_dyn-T                +1562.1 [+1132.8, +2010.2] 28.4%
  U-U_dyn                   +0.0 [+0.0, +0.0] 0.0%
  U-T@IND_del              -21.4 [-53.9, -2.6] 
  U_dyn-T@IND_del          -21.4 [-53.9, -2.6] 
  U_dyn-T@INS_reg        +2003.2 [+1379.7, +2641.1] 
  U_dyn-T@INS_design     +1840.0 [+1334.2, +2381.6] 
  U_dyn-T@D              +2426.6 [+1793.5, +3106.2] 
  [control_silence] U_dyn-T +0.0 [+0.0, +0.0] 0.0%
  [external_real] U_dyn-T +0.0 [+0.0, +0.0] 0.0%
